[output] Output to be read-from/written-into folder './projects/des_y6/chains', with prefix 'EXAMPLE_EVALUATE1'
[output] Found existing info files with the requested output prefix: './projects/des_y6/chains/EXAMPLE_EVALUATE1'
[output] Will delete previous products ('force' was requested).
[parameterization] *WARNING* There are repeated parameter labels: {'\\Delta z_\\mathrm{l,LSST}^5': ['DES_DZ_L5', 'DES_DZ_L6'], 'b_\\mathrm{1-LSST}^5': ['DES_B1_5', 'DES_B1_6'], 'b_\\mathrm{B3NL-LSST}^1': ['DES_B3NL_1', 'DES_BK_1'], 'b_\\mathrm{B3NL-LSST}^2': ['DES_B3NL_2', 'DES_BK_2'], 'b_\\mathrm{B3NL-LSST}^3': ['DES_B3NL_3', 'DES_BK_3'], 'b_\\mathrm{B3NL-LSST}^4': ['DES_B3NL_4', 'DES_BK_4'], 'b_\\mathrm{B3NL-LSST}^5': ['DES_B3NL_5', 'DES_BK_5'], 'b_\\mathrm{B3NL-LSST}^6': ['DES_B3NL_6', 'DES_BK_6'], 'b_\\mathrm{B3NL-LSST}^7': ['DES_B3NL_7', 'DES_BK_7'], 'b_\\mathrm{B3NL-LSST}^8': ['DES_B3NL_8', 'DES_BK_8'], 'b_\\mathrm{B3NL-LSST}^9': ['DES_B3NL_9', 'DES_BK_9'], 'b_\\mathrm{B3NL-LSST}^{10}': ['DES_B3NL_10', 'DES_BK_10']}
[camb] `camb` module loaded successfully from /Users/joao/cosmo/cocoa/Cocoa/external_modules/code/CAMB/camb
[des_y6.combo_3x2pt] use_baryon_pca = False
[evaluate] Initialized!
[evaluate] Looking for a reference point with non-zero prior.
[prior] Reference values or pdfs for some parameters were not provided. Sampling from the prior instead for those parameters.
[evaluate] Reference point:
   As_1e9 = 2.1
   ns = 0.96
   H0 = 67
   omegab = 0.049
   omegam = 0.319
   w = -1
   w0pwa = -1
   mnu = 0.06
   DES_BMAG_1 = 1.58
   DES_BMAG_2 = 1.38
   DES_BMAG_3 = 2.04
   DES_BMAG_4 = 2.21
   DES_BMAG_5 = 2.45
   DES_BMAG_6 = 2.42
   DES_DZ_L1 = 0
   DES_DZ_L2 = 0
   DES_DZ_L3 = 0
   DES_DZ_L4 = 0
   DES_DZ_L5 = 0
   DES_DZ_L6 = 0
   DES_B1_1 = 1.54
   DES_B1_2 = 1.81
   DES_B1_3 = 1.85
   DES_B1_4 = 1.76
   DES_B1_5 = 1.93
   DES_B1_6 = 1.9
   DES_DZ_S1 = 0
   DES_DZ_S2 = 0
   DES_DZ_S3 = 0
   DES_DZ_S4 = 0
   DES_A1_1 = 0
   DES_A1_2 = -1
   DES_M1 = -0.00339767
   DES_M2 = 0.0064552
   DES_M3 = 0.0159394
   DES_M4 = 0.00169811
[evaluate] Evaluating prior and likelihoods...
-------------------
CAMB Params:
class: <CAMBparams>
 WantCls = True
 WantTransfer = True
 WantScalars = True
 WantTensors = False
 WantVectors = False
 WantDerivedParameters = True
 Want_cl_2D_array = False
 Want_CMB = True
 Want_CMB_lensing = True
 DoLensing = True
 NonLinear = NonLinear_both
 Transfer: <TransferParams>
   high_precision = True
   accurate_massive_neutrinos = False
   kmax = 10.0
   k_per_logint = 10
   PK_num_redshifts = 140
   PK_redshifts = [49.99, 48.60794117647059, 47.22588235294118, 45.843823529411765, 44.46176470588235, 43.07970588235294, 41.69764705882353, ...]
 want_zstar = False
 want_zdrag = False
 min_l = 2
 max_l = 200
 max_l_tensor = 600
 lens_output_margin = 200
 max_eta_k = 72000.0
 max_eta_k_tensor = 1200.0
 ombh2 = 0.021996100000000005
 omch2 = 0.12055813342937492
 omk = 0.0
 omnuh2 = 0.0006451616715432691
 H0 = 67.0
 TCMB = 2.7255
 YHe = 0.24549395673938357
 num_nu_massless = 0.0
 num_nu_massive = 3
 nu_mass_eigenstates = 1
 share_delta_neff = False
 nu_mass_degeneracies = [3.044]
 nu_mass_fractions = [1.0]
 nu_mass_numbers = [3]
 InitPower: <InitialPowerLaw>
   tensor_parameterization = tensor_param_rpivot
   ns = 0.96
   nrun = 0.0
   nrunrun = 0.0
   nt = 0.0
   ntrun = 0.0
   r = 0.0
   pivot_scalar = 0.05
   pivot_tensor = 0.05
   As = 2e-09
   At = 1.0
 Recomb: <Recfast>
   min_a_evolve_Tm = 0.0011098779505118728
   RECFAST_fudge = 1.125
   RECFAST_fudge_He = 0.8472367977
   RECFAST_Hswitch = True
   RECFAST_He_rate_correction = True
   AGauss1 = -0.1395272483
   AGauss2 = 0.0729891952
   zGauss1 = 7.2813061282
   zGauss2 = 6.7667038679
   wGauss1 = 0.163896641
   wGauss2 = 0.2785834127
   Nz = 2046
   use_rosenbrock = True
   rosenbrock_handoff_xH = 0.976
   rosenbrock_tol = 0.0003
 Reion: <TanhReionization>
   Reionization = True
   include_heating = False
   reion_temperature = 10000.0
   use_optical_depth = True
   redshift = 10.0
   optical_depth = 0.0697186
   fraction = -1.0
   include_helium_fullreion = True
   helium_redshift = 3.5
   helium_delta_redshift = 0.4
   helium_redshiftstart = 5.5
   tau_solve_accuracy_boost = 1.0
   timestep_boost = 1.0
   max_redshift = 50.0
   delta_redshift = 0.5
 DarkEnergy: <DarkEnergyPPF>
   w = -1.0
   wa = 0.0
   cs2 = 1.0
   use_tabulated_w = False
 NonLinearModel: <Halofit>
   Min_kh_nonlinear = 0.005
   halofit_version = mead2020
   HMCode_A_baryon = 3.13
   HMCode_eta_baryon = 0.603
   HMCode_logT_AGN = 7.8
   HMCode_wiggle_max_fnu = 0.01
 Accuracy: <AccuracyParams>
   AccuracyBoost = 1.0
   lSampleBoost = 1.0
   lAccuracyBoost = 1.0
   AccuratePolarization = True
   AccurateBB = False
   AccurateReionization = True
   TimeStepBoost = 1.0
   BackgroundTimeStepBoost = 1.0
   TimeSwitchBoost = 1.0
   IntTolBoost = 1.0
   SourcekAccuracyBoost = 1.0
   IntkAccuracyBoost = 1.0
   TransferkBoost = 1.0
   NonFlatIntAccuracyBoost = 1.0
   BessIntBoost = 1.0
   LensingBoost = 1.0
   NonlinSourceBoost = 1.0
   BesselBoost = 1.0
   LimberBoost = 1.0
   SourceLimberBoost = 1.0
   KmaxBoost = 1.0
   neutrino_q_boost = 1.0
 SourceTerms: <SourceTermParams>
   limber_windows = True
   limber_phi_lmin = 100
   counts_density = True
   counts_redshift = True
   counts_lensing = False
   counts_velocity = True
   counts_radial = False
   counts_timedelay = True
   counts_ISW = True
   counts_potential = True
   counts_evolve = False
   line_phot_dipole = False
   line_phot_quadrupole = False
   line_basic = True
   line_distortions = True
   line_extra = False
   line_reionization = False
   use_21cm_mK = True
 z_outputs = []
 scalar_initial_condition = initial_adiabatic
 InitialConditionVector = []
 OutputNormalization = 1
 Alens = 1.0
 MassiveNuMethod = Nu_best
 DoLateRadTruncation = True
 Evolve_baryon_cs = False
 Evolve_delta_xe = False
 Evolve_delta_Ts = False
 Do21cm = False
 transfer_21cm_cl = False
 Log_lvalues = False
 use_cl_spline_template = True
 min_l_logl_sampling = 5000
 SourceWindows = []
 CustomSources: <CustomSources>
   num_custom_sources = 0
   c_source_func = None
   custom_source_ell_scales = []
 
-------------------
-------------------
CAMB Results:
class: <CAMBdata>
 Params: <CAMBparams>
   WantCls = True
   WantTransfer = True
   WantScalars = True
   WantTensors = False
   WantVectors = False
   WantDerivedParameters = True
   Want_cl_2D_array = False
   Want_CMB = True
   Want_CMB_lensing = True
   DoLensing = True
   NonLinear = NonLinear_both
   Transfer: <TransferParams>
     high_precision = True
     accurate_massive_neutrinos = False
     kmax = 10.0
     k_per_logint = 10
     PK_num_redshifts = 140
     PK_redshifts = [49.99, 48.60794117647059, 47.22588235294118, 45.843823529411765, 44.46176470588235, 43.07970588235294, 41.69764705882353, ...]
   want_zstar = False
   want_zdrag = False
   min_l = 2
   max_l = 200
   max_l_tensor = 600
   lens_output_margin = 200
   max_eta_k = 72000.0
   max_eta_k_tensor = 1200.0
   ombh2 = 0.021996100000000005
   omch2 = 0.12055813342937492
   omk = 0.0
   omnuh2 = 0.0006451616715432691
   H0 = 67.0
   TCMB = 2.7255
   YHe = 0.24549395673938357
   num_nu_massless = 0.0
   num_nu_massive = 3
   nu_mass_eigenstates = 1
   share_delta_neff = False
   nu_mass_degeneracies = [3.044]
   nu_mass_fractions = [1.0]
   nu_mass_numbers = [3]
   InitPower: <InitialPowerLaw>
     tensor_parameterization = tensor_param_rpivot
     ns = 0.96
     nrun = 0.0
     nrunrun = 0.0
     nt = 0.0
     ntrun = 0.0
     r = 0.0
     pivot_scalar = 0.05
     pivot_tensor = 0.05
     As = 2e-09
     At = 1.0
   Recomb: <Recfast>
     min_a_evolve_Tm = 0.0011098779505118728
     RECFAST_fudge = 1.125
     RECFAST_fudge_He = 0.8472367977
     RECFAST_Hswitch = True
     RECFAST_He_rate_correction = True
     AGauss1 = -0.1395272483
     AGauss2 = 0.0729891952
     zGauss1 = 7.2813061282
     zGauss2 = 6.7667038679
     wGauss1 = 0.163896641
     wGauss2 = 0.2785834127
     Nz = 2046
     use_rosenbrock = True
     rosenbrock_handoff_xH = 0.976
     rosenbrock_tol = 0.0003
   Reion: <TanhReionization>
     Reionization = True
     include_heating = False
     reion_temperature = 10000.0
     use_optical_depth = True
     redshift = 9.30232992575109
     optical_depth = 0.0697186
     fraction = 1.0819278619007304
     include_helium_fullreion = True
     helium_redshift = 3.5
     helium_delta_redshift = 0.4
     helium_redshiftstart = 5.5
     tau_solve_accuracy_boost = 1.0
     timestep_boost = 1.0
     max_redshift = 50.0
     delta_redshift = 0.5
   DarkEnergy: <DarkEnergyPPF>
     w = -1.0
     wa = 0.0
     cs2 = 1.0
     use_tabulated_w = False
   NonLinearModel: <Halofit>
     Min_kh_nonlinear = 0.005
     halofit_version = mead2020
     HMCode_A_baryon = 3.13
     HMCode_eta_baryon = 0.603
     HMCode_logT_AGN = 7.8
     HMCode_wiggle_max_fnu = 0.01
   Accuracy: <AccuracyParams>
     AccuracyBoost = 1.0
     lSampleBoost = 1.0
     lAccuracyBoost = 1.0
     AccuratePolarization = True
     AccurateBB = False
     AccurateReionization = True
     TimeStepBoost = 1.0
     BackgroundTimeStepBoost = 1.0
     TimeSwitchBoost = 1.0
     IntTolBoost = 1.0
     SourcekAccuracyBoost = 1.0
     IntkAccuracyBoost = 1.0
     TransferkBoost = 1.0
     NonFlatIntAccuracyBoost = 1.0
     BessIntBoost = 1.0
     LensingBoost = 1.0
     NonlinSourceBoost = 1.0
     BesselBoost = 1.0
     LimberBoost = 1.0
     SourceLimberBoost = 1.0
     KmaxBoost = 1.0
     neutrino_q_boost = 1.0
   SourceTerms: <SourceTermParams>
     limber_windows = False
     limber_phi_lmin = 100
     counts_density = True
     counts_redshift = True
     counts_lensing = False
     counts_velocity = True
     counts_radial = False
     counts_timedelay = True
     counts_ISW = True
     counts_potential = True
     counts_evolve = False
     line_phot_dipole = False
     line_phot_quadrupole = False
     line_basic = True
     line_distortions = True
     line_extra = False
     line_reionization = False
     use_21cm_mK = True
   z_outputs = []
   scalar_initial_condition = initial_adiabatic
   InitialConditionVector = []
   OutputNormalization = 1
   Alens = 1.0
   MassiveNuMethod = Nu_best
   DoLateRadTruncation = True
   Evolve_baryon_cs = False
   Evolve_delta_xe = False
   Evolve_delta_Ts = False
   Do21cm = False
   transfer_21cm_cl = False
   Log_lvalues = False
   use_cl_spline_template = True
   min_l_logl_sampling = 5000
   SourceWindows = []
   CustomSources: <CustomSources>
     num_custom_sources = 0
     c_source_func = None
     custom_source_ell_scales = []
 ThermoDerivedParams = [13.825174924242567, 1090.4303451636208, 144.5887502192505, 1.0414661609630729, 13.883192333925209, 1059.0989326666174, 147.3772182990607, 0.14028356726743285, 0.1613071920827969, 3407.2851192055873, 0.010398153378198691, 0.8115705136117561, 0.44878173977517744]
 flat = True
 closed = False
 grhocrit = 1.4984058304874078e-07
 grhog = 8.254668411441384e-12
 grhor = 1.8746956010971585e-12
 grhob = 7.342188569388299e-09
 grhoc = 4.024170417537408e-08
 grhov = 1.0203308388456508e-07
 grhornomass = 0.0
 grhok = 0.0
 taurst = 205.41522275131928
 dtaurec = 0.7868604710405378
 taurend = 599.1812904918904
 tau_maxvis = 280.62574903999877
 adotrad = 2.1572545685957056e-06
 omega_de = 0.6809442529423109
 curv = 0.0
 curvature_radius = 1.0
 Ksign = 0.0
 tau0 = 14163.488478729681
 DMt0 = 14163.488478729681
 scale = 0.9987289850038213
 curv_flat_DM_ratio = 1.0
 akthom = 3.823583190850636e-07
 fHe = 0.08192786190073045
 Nnow = 0.18626781040455906
 z_eq = 3407.2851192055873
 grhormass = [5.70657340973975e-12, 0.0, 0.0, 0.0, 0.0]
 nu_masses = [118.87055852964777, 0.0, 0.0, 0.0, 0.0]
 num_transfer_redshifts = 155
 transfer_redshifts = [49.99, 48.60794117647059, 47.22588235294118, 45.843823529411765, 44.46176470588235, 43.07970588235294, 41.69764705882353, ...]
 PK_redshifts_index = [1, 2, 3, 4, 5, 6, 7, ...]
 OnlyTransfers = True
 HasScalarTimeSources = True
 
-------------------
[evaluate] log-posterior  = -582.493
[evaluate] log-prior      = 62.4317
[evaluate]    logprior_0 = 62.4317
[evaluate] log-likelihood = -644.925
[evaluate]    chi2_des_y6.combo_3x2pt = 1289.85
[evaluate] Derived params:
[evaluate]    wa = 0.0000000000000000
[evaluate]    As = 0.0000000021000000
[evaluate]    omegabh2 = 0.0219961000000000
[evaluate]    omegach2 = 0.1205581334293749
[evaluate]    omegal = 0.6809442529423109
[evaluate]    omegamh2 = 0.1431991000000000
[evaluate]    sigma8 = 0.8153977039360768
[evaluate]    omegan2 = 0.0006451616715433
[evaluate]    omegan = 0.0014372057730971
[des_y6.combo_3x2pt] Average evaluation time for des_y6.combo_3x2pt: 0.168708 s  (1 evaluations)
[camb.transfers] Average evaluation time for camb.transfers: 1.13221 s  (1 evaluations)
[camb] Average evaluation time for camb: 0.487715 s  (1 evaluations)
